// Jest Snapshot v1, https://goo.gl/fbAQLP

exports[`Error should match the snapshot 1`] = `
<section>
  <div>
    <h3
      className="Error-title"
    >
      "ruff" 
      <span
        aria-label="dog"
        role="img"
      >
        🐶
      </span>
       404 Page Not Found
    </h3>
    <NavLink
      className="error-back"
      to="/Options"
    >
      Home
    </NavLink>
  </div>
  <img
    alt="Page Not Found"
    className="error"
    src="rottweiler-404.jpg"
  />
</section>
`;
