// Jest Snapshot v1, https://goo.gl/fbAQLP

exports[`Item should match the snapshot 1`] = `
<section>
  <Link
    className="Item-back"
    to="/main"
  >
    \`
    <FontAwesomeIcon
      border={false}
      className="Item-fontawesome"
      fixedWidth={false}
      flip={null}
      icon={
        Object {
          "icon": Array [
            448,
            512,
            Array [],
            "f060",
            "M257.5 445.1l-22.2 22.2c-9.4 9.4-24.6 9.4-33.9 0L7 273c-9.4-9.4-9.4-24.6 0-33.9L201.4 44.7c9.4-9.4 24.6-9.4 33.9 0l22.2 22.2c9.5 9.5 9.3 25-.4 34.3L136.6 216H424c13.3 0 24 10.7 24 24v32c0 13.3-10.7 24-24 24H136.6l120.5 114.8c9.8 9.3 10 24.8.4 34.3z",
          ],
          "iconName": "arrow-left",
          "prefix": "fas",
        }
      }
      id="latest-news"
      inverse={false}
      listItem={false}
      mask={null}
      pull={null}
      pulse={false}
      rotation={null}
      size={null}
      spin={false}
      symbol={false}
      title=""
      transform={null}
    />
  </Link>
  <article
    className="Item-wrapper"
  >
    <section
      className="Item-content-wrapper"
    >
      <p
        className="Item-title"
      />
      <img
        alt="book"
        className="Item-img"
      />
      <p
        className="Item-author"
      />
      <p
        className="Item-description"
      />
      <p
        className="Item-content"
      />
    </section>
  </article>
</section>
`;
