// Jest Snapshot v1, https://goo.gl/fbAQLP

exports[`Begin should match the snapshot 1`] = `
<div
  className="begin-wrapper"
>
  <section
    id="welcome-container"
  >
    <h1
      id="welcome"
    >
      Welcome
    </h1>
    <h3
      id="news-wire"
    >
      to News Wired
    </h3>
    <Link
      className="start"
      to="/Options"
    >
      <button
        className="begin-btn"
      >
        Get Started
      </button>
    </Link>
  </section>
</div>
`;
