// Jest Snapshot v1, https://goo.gl/fbAQLP

exports[`Begin should match the snapshot 1`] = `
<div
  className="begin-wrapper"
>
  <section>
    <h1>
      <span
        id="welcome"
      >
        Welcome
      </span>
      <span
        id="news-wire"
      >
        to News Wire
      </span>
    </h1>
  </section>
  <Link
    className="start"
    to="/Options"
  >
    <button
      className="begin-btn"
    >
      Get Started
    </button>
  </Link>
</div>
`;
